// Jest Snapshot v1, https://goo.gl/fbAQLP

exports[`PeriodConsent renders correctly 1`] = `
<View
  style={
    Object {
      "flex": 1,
      "paddingBottom": 16,
      "paddingTop": 12,
    }
  }
>
  <Text.Secondary
    bold={true}
    center={true}
  >
    Consent for 
    this month
     : 
    <Text.Secondary
      center={true}
      lightGray={true}
    >
      760 kg
    </Text.Secondary>
  </Text.Secondary>
</View>
`;

exports[`PeriodConsent renders correctly if tons 1`] = `
<View
  style={
    Object {
      "flex": 1,
      "paddingBottom": 16,
      "paddingTop": 12,
    }
  }
>
  <Text.Secondary
    bold={true}
    center={true}
  >
    Consent for 
    this month
     : 
    <Text.Secondary
      center={true}
      lightGray={true}
    >
      760 kg
    </Text.Secondary>
  </Text.Secondary>
</View>
`;
